#! /c/Source/iverilog-install/bin/vvp
:ivl_version "14.0 (devel)";
:ivl_delay_selection "TYPICAL";
:vpi_time_precision - 12;
:vpi_module "C:\iverilog\lib\ivl\system.vpi";
:vpi_module "C:\iverilog\lib\ivl\vhdl_sys.vpi";
:vpi_module "C:\iverilog\lib\ivl\vhdl_textio.vpi";
:vpi_module "C:\iverilog\lib\ivl\v2005_math.vpi";
:vpi_module "C:\iverilog\lib\ivl\va_math.vpi";
S_00000260CD576530 .scope module, "tb_charge_controller" "tb_charge_controller" 2 3;
 .timescale -9 -12;
v00000260CD5E86B0_0 .net "alert_led", 0 0, v00000260CD590930_0;  1 drivers
v00000260CD5E7030_0 .net "charge_en", 0 0, v00000260CD590CF0_0;  1 drivers
v00000260CD5E8110_0 .var "charger_plugged", 0 0;
v00000260CD5E7D50_0 .var "clk", 0 0;
v00000260CD5E81B0_0 .var "rst", 0 0;
v00000260CD5E8250_0 .var "temp_high", 0 0;
v00000260CD5E6BD0_0 .var "v_batt", 7 0;
S_00000260CD579970 .scope module, "uut" "charge_controller" 2 14, 3 1 0, S_00000260CD576530;
 .timescale 0 0;
    .port_info 0 /INPUT 1 "clk";
    .port_info 1 /INPUT 1 "rst";
    .port_info 2 /INPUT 8 "v_batt";
    .port_info 3 /INPUT 1 "temp_high";
    .port_info 4 /INPUT 1 "charger_plugged";
    .port_info 5 /OUTPUT 1 "charge_en";
    .port_info 6 /OUTPUT 1 "alert_led";
P_00000260CD578CB0 .param/l "CC_MODE" 0 3 12, C4<001>;
P_00000260CD578CE8 .param/l "CV_MODE" 0 3 13, C4<010>;
P_00000260CD578D20 .param/l "FAULT" 0 3 15, C4<100>;
P_00000260CD578D58 .param/l "FULL" 0 3 14, C4<011>;
P_00000260CD578D90 .param/l "IDLE" 0 3 11, C4<000>;
v00000260CD590930_0 .var "alert_led", 0 0;
v00000260CD590CF0_0 .var "charge_en", 0 0;
v00000260CD590E30_0 .net "charger_plugged", 0 0, v00000260CD5E8110_0;  1 drivers
v00000260CD5909D0_0 .net "clk", 0 0, v00000260CD5E7D50_0;  1 drivers
v00000260CD591330_0 .var "current_state", 2 0;
v00000260CD590D90_0 .var "next_state", 2 0;
v00000260CD5904D0_0 .net "rst", 0 0, v00000260CD5E81B0_0;  1 drivers
v00000260CD590570_0 .net "temp_high", 0 0, v00000260CD5E8250_0;  1 drivers
v00000260CD590610_0 .net "v_batt", 7 0, v00000260CD5E6BD0_0;  1 drivers
E_00000260CD573680 .event anyedge, v00000260CD591330_0, v00000260CD590570_0, v00000260CD590E30_0, v00000260CD590610_0;
E_00000260CD574080 .event posedge, v00000260CD5904D0_0, v00000260CD5909D0_0;
    .scope S_00000260CD579970;
T_0 ;
    %wait E_00000260CD574080;
    %load/vec4 v00000260CD5904D0_0;
    %flag_set/vec4 8;
    %jmp/0xz  T_0.0, 8;
    %pushi/vec4 0, 0, 3;
    %assign/vec4 v00000260CD591330_0, 0;
    %jmp T_0.1;
T_0.0 ;
    %load/vec4 v00000260CD590D90_0;
    %assign/vec4 v00000260CD591330_0, 0;
T_0.1 ;
    %jmp T_0;
    .thread T_0;
    .scope S_00000260CD579970;
T_1 ;
    %wait E_00000260CD573680;
    %load/vec4 v00000260CD591330_0;
    %store/vec4 v00000260CD590D90_0, 0, 3;
    %pushi/vec4 0, 0, 1;
    %store/vec4 v00000260CD590CF0_0, 0, 1;
    %pushi/vec4 0, 0, 1;
    %store/vec4 v00000260CD590930_0, 0, 1;
    %load/vec4 v00000260CD590570_0;
    %flag_set/vec4 8;
    %jmp/0xz  T_1.0, 8;
    %pushi/vec4 4, 0, 3;
    %store/vec4 v00000260CD590D90_0, 0, 3;
    %jmp T_1.1;
T_1.0 ;
    %load/vec4 v00000260CD591330_0;
    %dup/vec4;
    %pushi/vec4 0, 0, 3;
    %cmp/e;
    %jmp/1 T_1.2, 6;
    %dup/vec4;
    %pushi/vec4 1, 0, 3;
    %cmp/e;
    %jmp/1 T_1.3, 6;
    %dup/vec4;
    %pushi/vec4 2, 0, 3;
    %cmp/e;
    %jmp/1 T_1.4, 6;
    %dup/vec4;
    %pushi/vec4 3, 0, 3;
    %cmp/e;
    %jmp/1 T_1.5, 6;
    %dup/vec4;
    %pushi/vec4 4, 0, 3;
    %cmp/e;
    %jmp/1 T_1.6, 6;
    %pushi/vec4 0, 0, 3;
    %store/vec4 v00000260CD590D90_0, 0, 3;
    %jmp T_1.8;
T_1.2 ;
    %pushi/vec4 0, 0, 1;
    %store/vec4 v00000260CD590CF0_0, 0, 1;
    %load/vec4 v00000260CD590E30_0;
    %flag_set/vec4 8;
    %jmp/0xz  T_1.9, 8;
    %pushi/vec4 1, 0, 3;
    %store/vec4 v00000260CD590D90_0, 0, 3;
T_1.9 ;
    %jmp T_1.8;
T_1.3 ;
    %pushi/vec4 1, 0, 1;
    %store/vec4 v00000260CD590CF0_0, 0, 1;
    %load/vec4 v00000260CD590610_0;
    %cmpi/u 200, 0, 8;
    %flag_inv 5; GE is !LT
    %jmp/0xz  T_1.11, 5;
    %pushi/vec4 2, 0, 3;
    %store/vec4 v00000260CD590D90_0, 0, 3;
T_1.11 ;
    %jmp T_1.8;
T_1.4 ;
    %pushi/vec4 1, 0, 1;
    %store/vec4 v00000260CD590CF0_0, 0, 1;
    %load/vec4 v00000260CD590610_0;
    %cmpi/u 255, 0, 8;
    %flag_inv 5; GE is !LT
    %jmp/0xz  T_1.13, 5;
    %pushi/vec4 3, 0, 3;
    %store/vec4 v00000260CD590D90_0, 0, 3;
T_1.13 ;
    %jmp T_1.8;
T_1.5 ;
    %pushi/vec4 0, 0, 1;
    %store/vec4 v00000260CD590CF0_0, 0, 1;
    %load/vec4 v00000260CD590E30_0;
    %cmpi/e 0, 0, 1;
    %jmp/0xz  T_1.15, 4;
    %pushi/vec4 0, 0, 3;
    %store/vec4 v00000260CD590D90_0, 0, 3;
T_1.15 ;
    %jmp T_1.8;
T_1.6 ;
    %pushi/vec4 0, 0, 1;
    %store/vec4 v00000260CD590CF0_0, 0, 1;
    %pushi/vec4 1, 0, 1;
    %store/vec4 v00000260CD590930_0, 0, 1;
    %load/vec4 v00000260CD590E30_0;
    %cmpi/e 0, 0, 1;
    %flag_get/vec4 4;
    %jmp/0 T_1.19, 4;
    %load/vec4 v00000260CD590570_0;
    %pushi/vec4 0, 0, 1;
    %cmp/e;
    %flag_get/vec4 4;
    %and;
T_1.19;
    %flag_set/vec4 8;
    %jmp/0xz  T_1.17, 8;
    %pushi/vec4 0, 0, 3;
    %store/vec4 v00000260CD590D90_0, 0, 3;
T_1.17 ;
    %jmp T_1.8;
T_1.8 ;
    %pop/vec4 1;
T_1.1 ;
    %jmp T_1;
    .thread T_1, $push;
    .scope S_00000260CD576530;
T_2 ;
    %delay 5000, 0;
    %load/vec4 v00000260CD5E7D50_0;
    %inv;
    %store/vec4 v00000260CD5E7D50_0, 0, 1;
    %jmp T_2;
    .thread T_2;
    .scope S_00000260CD576530;
T_3 ;
    %vpi_call 2 27 "$dumpfile", "simulation.vcd" {0 0 0};
    %vpi_call 2 28 "$dumpvars", 32'sb00000000000000000000000000000000, S_00000260CD576530 {0 0 0};
    %vpi_call 2 31 "$display", "--- BAT DAU KIEM CHUNG ---" {0 0 0};
    %pushi/vec4 0, 0, 1;
    %store/vec4 v00000260CD5E7D50_0, 0, 1;
    %pushi/vec4 1, 0, 1;
    %store/vec4 v00000260CD5E81B0_0, 0, 1;
    %pushi/vec4 0, 0, 8;
    %store/vec4 v00000260CD5E6BD0_0, 0, 8;
    %pushi/vec4 0, 0, 1;
    %store/vec4 v00000260CD5E8250_0, 0, 1;
    %pushi/vec4 0, 0, 1;
    %store/vec4 v00000260CD5E8110_0, 0, 1;
    %delay 15000, 0;
    %pushi/vec4 0, 0, 1;
    %store/vec4 v00000260CD5E81B0_0, 0, 1;
    %vpi_call 2 34 "$display", "[%0t] Khoi dong xong. Trang thai IDLE.", $time {0 0 0};
    %delay 10000, 0;
    %pushi/vec4 1, 0, 1;
    %store/vec4 v00000260CD5E8110_0, 0, 1;
    %pushi/vec4 100, 0, 8;
    %store/vec4 v00000260CD5E6BD0_0, 0, 8;
    %vpi_call 2 37 "$display", "[%0t] Cam sac (v_batt=100) -> Chuyen CC_MODE", $time {0 0 0};
    %delay 30000, 0;
    %pushi/vec4 210, 0, 8;
    %store/vec4 v00000260CD5E6BD0_0, 0, 8;
    %vpi_call 2 40 "$display", "[%0t] Pin vuot nguong 200 (v_batt=210) -> Chuyen CV_MODE", $time {0 0 0};
    %delay 30000, 0;
    %pushi/vec4 255, 0, 8;
    %store/vec4 v00000260CD5E6BD0_0, 0, 8;
    %vpi_call 2 43 "$display", "[%0t] Pin day (v_batt=255) -> Chuyen FULL", $time {0 0 0};
    %delay 20000, 0;
    %pushi/vec4 0, 0, 1;
    %store/vec4 v00000260CD5E8110_0, 0, 1;
    %vpi_call 2 46 "$display", "[%0t] Rut sac -> Ve lai IDLE", $time {0 0 0};
    %delay 30000, 0;
    %pushi/vec4 1, 0, 1;
    %store/vec4 v00000260CD5E8110_0, 0, 1;
    %pushi/vec4 150, 0, 8;
    %store/vec4 v00000260CD5E6BD0_0, 0, 8;
    %vpi_call 2 50 "$display", "[%0t] Cam sac lai. Dang CC_MODE...", $time {0 0 0};
    %delay 20000, 0;
    %pushi/vec4 1, 0, 1;
    %store/vec4 v00000260CD5E8250_0, 0, 1;
    %vpi_call 2 53 "$display", "[%0t] CANH BAO! Qua nhiet! -> Nhay sang FAULT, Ngat sac, Bat LED", $time {0 0 0};
    %delay 30000, 0;
    %pushi/vec4 0, 0, 1;
    %store/vec4 v00000260CD5E8110_0, 0, 1;
    %vpi_call 2 56 "$display", "[%0t] Da rut sac nhung van nong -> Van giu FAULT", $time {0 0 0};
    %delay 30000, 0;
    %pushi/vec4 0, 0, 1;
    %store/vec4 v00000260CD5E8250_0, 0, 1;
    %vpi_call 2 59 "$display", "[%0t] Nhiet do on dinh tro lai -> Ve IDLE", $time {0 0 0};
    %delay 50000, 0;
    %vpi_call 2 62 "$display", "--- KET THUC KIEM CHUNG ---" {0 0 0};
    %vpi_call 2 63 "$finish" {0 0 0};
    %end;
    .thread T_3;
# The file index is used to find the file name in the following table.
:file_names 4;
    "N/A";
    "<interactive>";
    "tb_charge_controller.v";
    "charge_controller.v";
